bench.f_tph1
bench.f_tph10
bench.f_tph2
bench.f_tph3
bench.f_tph4
bench.f_tph5
bench.f_tph6
bench.f_tph7
bench.f_tph8
bench.f_tph9
bench.f_tpl1
bench.f_tpl10
bench.f_tpl2
bench.f_tpl3
bench.f_tpl4
bench.f_tpl5
bench.f_tpl6
bench.f_tpl7
bench.f_tpl8
bench.f_tpl9
bench.f_tpr1
bench.f_tpr10
bench.f_tpr2
bench.f_tpr3
bench.f_tpr4
bench.f_tpr5
bench.f_tpr6
bench.f_tpr7
bench.f_tpr8
bench.f_tpr9
bench.f_tpx1
bench.f_tpx10
bench.f_tpx2
bench.f_tpx3
bench.f_tpx4
bench.f_tpx5
bench.f_tpx6
bench.f_tpx7
bench.f_tpx8
bench.f_tpx9
bench.f_tsl1
bench.f_tsl10
bench.f_tsl2
bench.f_tsl3
bench.f_tsl4
bench.f_tsl5
bench.f_tsl6
bench.f_tsl7
bench.f_tsl8
bench.f_tsl9
bench.f_tsm1
bench.f_tsm10
bench.f_tsm2
bench.f_tsm3
bench.f_tsm4
bench.f_tsm5
bench.f_tsm6
bench.f_tsm7
bench.f_tsm8
bench.f_tsm9
bench.f_tss1
bench.f_tss10
bench.f_tss2
bench.f_tss3
bench.f_tss4
bench.f_tss5
bench.f_tss6
bench.f_tss7
bench.f_tss8
bench.f_tss9
bench.f_tsw1
bench.f_tsw10
bench.f_tsw2
bench.f_tsw3
bench.f_tsw4
bench.f_tsw5
bench.f_tsw6
bench.f_tsw7
bench.f_tsw8
bench.f_tsw9
