bench.p_tph1
bench.p_tph10
bench.p_tph2
bench.p_tph3
bench.p_tph4
bench.p_tph5
bench.p_tph6
bench.p_tph7
bench.p_tph8
bench.p_tph9
bench.p_tpl1
bench.p_tpl10
bench.p_tpl2
bench.p_tpl3
bench.p_tpl4
bench.p_tpl5
bench.p_tpl6
bench.p_tpl7
bench.p_tpl8
bench.p_tpl9
bench.p_tpr1
bench.p_tpr10
bench.p_tpr2
bench.p_tpr3
bench.p_tpr4
bench.p_tpr5
bench.p_tpr6
bench.p_tpr7
bench.p_tpr8
bench.p_tpr9
bench.p_tpx1
bench.p_tpx10
bench.p_tpx2
bench.p_tpx3
bench.p_tpx4
bench.p_tpx5
bench.p_tpx6
bench.p_tpx7
bench.p_tpx8
bench.p_tpx9
bench.p_tsl1
bench.p_tsl10
bench.p_tsl2
bench.p_tsl3
bench.p_tsl4
bench.p_tsl5
bench.p_tsl6
bench.p_tsl7
bench.p_tsl8
bench.p_tsl9
bench.p_tsm1
bench.p_tsm10
bench.p_tsm2
bench.p_tsm3
bench.p_tsm4
bench.p_tsm5
bench.p_tsm6
bench.p_tsm7
bench.p_tsm8
bench.p_tsm9
bench.p_tss1
bench.p_tss10
bench.p_tss2
bench.p_tss3
bench.p_tss4
bench.p_tss5
bench.p_tss6
bench.p_tss7
bench.p_tss8
bench.p_tss9
bench.p_tsw1
bench.p_tsw10
bench.p_tsw2
bench.p_tsw3
bench.p_tsw4
bench.p_tsw5
bench.p_tsw6
bench.p_tsw7
bench.p_tsw8
bench.p_tsw9
